2025-09-27 19:45:19,498 [INFO] Activator:177 - 


2025-09-27 19:45:19,500 [INFO] Activator:178 - !SESSION log4j initialized
2025-09-27 19:45:26,233 [INFO] McuFinderGlobals:39 - Set McuFinder mode to 2 (CubeIDE integrated)
2025-09-27 19:45:26,345 [INFO] ApplicationProperties:181 - Using Application install path: C:\ST\STM32CubeIDE_1.7.0\STM32CubeIDE\plugins\com.st.stm32cube.common.mx_6.3.0.202107141111
2025-09-27 19:45:26,355 [INFO] DbMcusXml:74 - Set database path to: C:\ST\STM32CubeIDE_1.7.0\STM32CubeIDE\plugins\com.st.stm32cube.common.mx_6.3.0.202107141111\\db\/mcu/
2025-09-27 19:45:26,358 [INFO] DbBoardsPdsc:56 - Set plugin database path to: C:\ST\STM32CubeIDE_1.7.0\STM32CubeIDE\plugins\com.st.stm32cube.common.mx_6.3.0.202107141111\\db\/plugins/boardmanager/
2025-09-27 19:45:26,359 [INFO] DbMcus:258 - Set plugin images path to: C:\ST\STM32CubeIDE_1.7.0\STM32CubeIDE\plugins\com.st.stm32cube.common.mx_6.3.0.202107141111\\db\/plugins/mcufinder/images/
2025-09-27 19:45:26,359 [INFO] DbBoards:264 - Set plugin images path to: C:\ST\STM32CubeIDE_1.7.0\STM32CubeIDE\plugins\com.st.stm32cube.common.mx_6.3.0.202107141111\\db\/plugins/mcufinder/images/
2025-09-27 19:45:26,362 [INFO] DbExamples:333 - Set plugin images path to: C:\ST\STM32CubeIDE_1.7.0\STM32CubeIDE\plugins\com.st.stm32cube.common.mx_6.3.0.202107141111\\db\/plugins/mcufinder/images/
2025-09-27 19:45:26,365 [INFO] DbMcusAds:119 - Set database path to: C:\Users\dell pro\.stmcufinder\plugins\mcufinder//mcu/
2025-09-27 19:45:26,366 [INFO] DbMcusDocs:110 - Set database path to: C:\Users\dell pro\.stmcufinder\plugins\mcufinder//mcu/
2025-09-27 19:45:26,369 [INFO] DbMcusJson:64 - Set database path to: C:\Users\dell pro\.stmcufinder\plugins\mcufinder//mcu/
2025-09-27 19:45:26,370 [INFO] DbBoardsDocs:110 - Set database path to: C:\Users\dell pro\.stmcufinder\plugins\mcufinder//mcu/
2025-09-27 19:45:26,372 [INFO] DbBoardsJson:57 - Set database path to: C:\Users\dell pro\.stmcufinder\plugins\mcufinder//mcu/
2025-09-27 19:45:26,374 [INFO] CrossReferenceDbSqlite:196 - Set database path to: C:\Users\dell pro\.stmcufinder\plugins\mcufinder//mcu/cs/
2025-09-27 19:45:26,377 [INFO] DbExamplesSqlite:767 - Set database path to: C:\Users\dell pro\.stmcufinder\plugins\mcufinder//mcu/
2025-09-27 19:45:26,465 [INFO] RulesReader:57 - Compatibility file has been processed (242 Rules)
2025-09-27 19:45:26,543 [INFO] DbMcusXml:74 - Set database path to: C:\ST\STM32CubeIDE_1.7.0\STM32CubeIDE\plugins\com.st.stm32cube.common.mx_6.3.0.202107141111\\db\/mcu/
2025-09-27 19:45:26,544 [INFO] DbBoardsPdsc:56 - Set plugin database path to: C:\ST\STM32CubeIDE_1.7.0\STM32CubeIDE\plugins\com.st.stm32cube.common.mx_6.3.0.202107141111\\db\/plugins/boardmanager/
2025-09-27 19:45:26,544 [INFO] DbMcus:258 - Set plugin images path to: C:\ST\STM32CubeIDE_1.7.0\STM32CubeIDE\plugins\com.st.stm32cube.common.mx_6.3.0.202107141111\\db\/plugins/mcufinder/images/
2025-09-27 19:45:26,544 [INFO] DbBoards:264 - Set plugin images path to: C:\ST\STM32CubeIDE_1.7.0\STM32CubeIDE\plugins\com.st.stm32cube.common.mx_6.3.0.202107141111\\db\/plugins/mcufinder/images/
2025-09-27 19:45:26,544 [INFO] DbExamples:333 - Set plugin images path to: C:\ST\STM32CubeIDE_1.7.0\STM32CubeIDE\plugins\com.st.stm32cube.common.mx_6.3.0.202107141111\\db\/plugins/mcufinder/images/
2025-09-27 19:45:26,545 [WARN] DbFile:35 - Overriding database path with different value: C:\Users\dell pro\.stmcufinder\plugins\mcufinder/ => C:\Users\dell pro\.stmcufinder\plugins\mcufinder
2025-09-27 19:45:26,545 [INFO] DbMcusAds:119 - Set database path to: C:\Users\dell pro\.stmcufinder\plugins\mcufinder//mcu/
2025-09-27 19:45:26,545 [WARN] DbFile:35 - Overriding database path with different value: C:\Users\dell pro\.stmcufinder\plugins\mcufinder/ => C:\Users\dell pro\.stmcufinder\plugins\mcufinder
2025-09-27 19:45:26,545 [INFO] DbMcusDocs:110 - Set database path to: C:\Users\dell pro\.stmcufinder\plugins\mcufinder//mcu/
2025-09-27 19:45:26,545 [WARN] DbFile:35 - Overriding database path with different value: C:\Users\dell pro\.stmcufinder\plugins\mcufinder/ => C:\Users\dell pro\.stmcufinder\plugins\mcufinder
2025-09-27 19:45:26,545 [INFO] DbMcusJson:64 - Set database path to: C:\Users\dell pro\.stmcufinder\plugins\mcufinder//mcu/
2025-09-27 19:45:26,545 [WARN] DbFile:35 - Overriding database path with different value: C:\Users\dell pro\.stmcufinder\plugins\mcufinder/ => C:\Users\dell pro\.stmcufinder\plugins\mcufinder
2025-09-27 19:45:26,545 [INFO] DbBoardsDocs:110 - Set database path to: C:\Users\dell pro\.stmcufinder\plugins\mcufinder//mcu/
2025-09-27 19:45:26,545 [WARN] DbFile:35 - Overriding database path with different value: C:\Users\dell pro\.stmcufinder\plugins\mcufinder/ => C:\Users\dell pro\.stmcufinder\plugins\mcufinder
2025-09-27 19:45:26,546 [INFO] DbBoardsJson:57 - Set database path to: C:\Users\dell pro\.stmcufinder\plugins\mcufinder//mcu/
2025-09-27 19:45:26,546 [WARN] DbFile:35 - Overriding database path with different value: C:\Users\dell pro\.stmcufinder\plugins\mcufinder/ => C:\Users\dell pro\.stmcufinder\plugins\mcufinder
2025-09-27 19:45:26,546 [WARN] DbFile:35 - Overriding database path with different value: C:\Users\dell pro\.stmcufinder\plugins\mcufinder/ => C:\Users\dell pro\.stmcufinder\plugins\mcufinder
2025-09-27 19:45:26,546 [INFO] CrossReferenceDbSqlite:196 - Set database path to: C:\Users\dell pro\.stmcufinder\plugins\mcufinder//mcu/cs/
2025-09-27 19:45:26,546 [WARN] DbFile:35 - Overriding database path with different value: C:\Users\dell pro\.stmcufinder\plugins\mcufinder/ => C:\Users\dell pro\.stmcufinder\plugins\mcufinder
2025-09-27 19:45:26,546 [INFO] DbExamplesSqlite:767 - Set database path to: C:\Users\dell pro\.stmcufinder\plugins\mcufinder//mcu/
2025-09-27 19:45:26,604 [INFO] MainPanel:214 - HeapMemory: 268435456
2025-09-27 19:45:26,666 [INFO] DbMcusXml:74 - Set database path to: C:\ST\STM32CubeIDE_1.7.0\STM32CubeIDE\plugins\com.st.stm32cube.common.mx_6.3.0.202107141111\\db\/mcu/
2025-09-27 19:45:26,666 [INFO] DbBoardsPdsc:56 - Set plugin database path to: C:\ST\STM32CubeIDE_1.7.0\STM32CubeIDE\plugins\com.st.stm32cube.common.mx_6.3.0.202107141111\\db\/plugins/boardmanager/
2025-09-27 19:45:26,667 [INFO] DbMcus:258 - Set plugin images path to: C:\ST\STM32CubeIDE_1.7.0\STM32CubeIDE\plugins\com.st.stm32cube.common.mx_6.3.0.202107141111\\db\/plugins/mcufinder/images/
2025-09-27 19:45:26,667 [INFO] DbBoards:264 - Set plugin images path to: C:\ST\STM32CubeIDE_1.7.0\STM32CubeIDE\plugins\com.st.stm32cube.common.mx_6.3.0.202107141111\\db\/plugins/mcufinder/images/
2025-09-27 19:45:26,667 [INFO] DbExamples:333 - Set plugin images path to: C:\ST\STM32CubeIDE_1.7.0\STM32CubeIDE\plugins\com.st.stm32cube.common.mx_6.3.0.202107141111\\db\/plugins/mcufinder/images/
2025-09-27 19:45:26,667 [WARN] DbFile:35 - Overriding database path with different value: C:\Users\dell pro\.stmcufinder\plugins\mcufinder/ => C:\Users\dell pro\.stmcufinder\plugins\mcufinder
2025-09-27 19:45:26,667 [INFO] DbMcusAds:119 - Set database path to: C:\Users\dell pro\.stmcufinder\plugins\mcufinder//mcu/
2025-09-27 19:45:26,667 [WARN] DbFile:35 - Overriding database path with different value: C:\Users\dell pro\.stmcufinder\plugins\mcufinder/ => C:\Users\dell pro\.stmcufinder\plugins\mcufinder
2025-09-27 19:45:26,667 [INFO] DbMcusDocs:110 - Set database path to: C:\Users\dell pro\.stmcufinder\plugins\mcufinder//mcu/
2025-09-27 19:45:26,668 [WARN] DbFile:35 - Overriding database path with different value: C:\Users\dell pro\.stmcufinder\plugins\mcufinder/ => C:\Users\dell pro\.stmcufinder\plugins\mcufinder
2025-09-27 19:45:26,668 [INFO] DbMcusJson:64 - Set database path to: C:\Users\dell pro\.stmcufinder\plugins\mcufinder//mcu/
2025-09-27 19:45:26,668 [WARN] DbFile:35 - Overriding database path with different value: C:\Users\dell pro\.stmcufinder\plugins\mcufinder/ => C:\Users\dell pro\.stmcufinder\plugins\mcufinder
2025-09-27 19:45:26,668 [INFO] DbBoardsDocs:110 - Set database path to: C:\Users\dell pro\.stmcufinder\plugins\mcufinder//mcu/
2025-09-27 19:45:26,668 [WARN] DbFile:35 - Overriding database path with different value: C:\Users\dell pro\.stmcufinder\plugins\mcufinder/ => C:\Users\dell pro\.stmcufinder\plugins\mcufinder
2025-09-27 19:45:26,668 [INFO] DbBoardsJson:57 - Set database path to: C:\Users\dell pro\.stmcufinder\plugins\mcufinder//mcu/
2025-09-27 19:45:26,668 [WARN] DbFile:35 - Overriding database path with different value: C:\Users\dell pro\.stmcufinder\plugins\mcufinder/ => C:\Users\dell pro\.stmcufinder\plugins\mcufinder
2025-09-27 19:45:26,668 [WARN] DbFile:35 - Overriding database path with different value: C:\Users\dell pro\.stmcufinder\plugins\mcufinder/ => C:\Users\dell pro\.stmcufinder\plugins\mcufinder
2025-09-27 19:45:26,668 [INFO] CrossReferenceDbSqlite:196 - Set database path to: C:\Users\dell pro\.stmcufinder\plugins\mcufinder//mcu/cs/
2025-09-27 19:45:26,668 [WARN] DbFile:35 - Overriding database path with different value: C:\Users\dell pro\.stmcufinder\plugins\mcufinder/ => C:\Users\dell pro\.stmcufinder\plugins\mcufinder
2025-09-27 19:45:26,668 [INFO] DbExamplesSqlite:767 - Set database path to: C:\Users\dell pro\.stmcufinder\plugins\mcufinder//mcu/
2025-09-27 19:45:26,688 [INFO] ApplicationProperties:181 - Using Application install path: C:\ST\STM32CubeIDE_1.7.0\STM32CubeIDE\plugins\com.st.stm32cube.common.mx_6.3.0.202107141111
2025-09-27 19:45:26,689 [INFO] PluginManage:188 - Search for loadable plugins [exclusion list=, ]
2025-09-27 19:45:26,690 [INFO] PluginManage:302 - Check plugin analytics
2025-09-27 19:45:26,863 [INFO] AnalyticsPlugin:257 - Accepted Software Licenses: 
2025-09-27 19:45:26,863 [INFO] AnalyticsPlugin:259 - Accepted CMSIS Pack Licenses: 
2025-09-27 19:45:26,864 [INFO] AnalyticsPlugin:261 - Accepted Firmware Licenses: 
2025-09-27 19:45:26,864 [INFO] PluginManage:352 - Loaded plugin analytics (category:tool,tabindex:-1)
2025-09-27 19:45:26,864 [INFO] PluginManage:302 - Check plugin clock
2025-09-27 19:45:26,874 [INFO] PluginManage:352 - Loaded plugin clock (category:base,tabindex:2)
2025-09-27 19:45:26,874 [INFO] PluginManage:302 - Check plugin ddr
2025-09-27 19:45:26,876 [INFO] PluginManage:352 - Loaded plugin ddr (category:tool,tabindex:6)
2025-09-27 19:45:26,876 [INFO] PluginManage:302 - Check plugin filemanager
2025-09-27 19:45:26,991 [INFO] PluginManage:352 - Loaded plugin filemanager (category:base,tabindex:10)
2025-09-27 19:45:26,991 [INFO] PluginManage:302 - Check plugin ipmanager
2025-09-27 19:45:26,998 [INFO] PluginManage:352 - Loaded plugin ipmanager (category:base,tabindex:5)
2025-09-27 19:45:26,998 [INFO] PluginManage:302 - Check plugin pinoutandconfiguration
2025-09-27 19:45:27,006 [INFO] PluginManage:352 - Loaded plugin pinoutandconfiguration (category:base,tabindex:1)
2025-09-27 19:45:27,006 [INFO] PluginManage:302 - Check plugin pinoutconfig
2025-09-27 19:45:27,032 [INFO] PluginManage:352 - Loaded plugin pinoutconfig (category:base,tabindex:0)
2025-09-27 19:45:27,033 [INFO] PluginManage:302 - Check plugin power
2025-09-27 19:45:27,041 [INFO] PluginManage:352 - Loaded plugin power (category:power,tabindex:4)
2025-09-27 19:45:27,041 [INFO] PluginManage:302 - Check plugin projectmanager
2025-09-27 19:45:27,056 [INFO] PluginManage:352 - Loaded plugin projectmanager (category:projectmanager,tabindex:3)
2025-09-27 19:45:27,056 [INFO] PluginManage:302 - Check plugin thirdparty
2025-09-27 19:45:27,166 [WARN] IntegrityCheckThread:78 - waiting for thirdparty lock release [integrity check]
2025-09-27 19:45:27,167 [INFO] IntegrityCheckThread:80 - entering critical section [integrity check]
2025-09-27 19:45:27,167 [INFO] PluginManage:352 - Loaded plugin thirdparty (category:base,tabindex:-1)
2025-09-27 19:45:27,167 [INFO] ThirdPartyUpdaterWithRetryManager:66 - Updater plugin not ready yet. [1/15]
2025-09-27 19:45:27,167 [INFO] PluginManage:302 - Check plugin tools
2025-09-27 19:45:27,170 [INFO] PluginManage:352 - Loaded plugin tools (category:base,tabindex:7)
2025-09-27 19:45:27,170 [INFO] PluginManage:302 - Check plugin tutovideos
2025-09-27 19:45:27,344 [INFO] PluginManage:352 - Loaded plugin tutovideos (category:base,tabindex:-1)
2025-09-27 19:45:27,344 [INFO] PluginManage:302 - Check plugin updater
2025-09-27 19:45:27,355 [INFO] PluginManage:352 - Loaded plugin updater (category:base,tabindex:12)
2025-09-27 19:45:27,355 [INFO] PluginManage:275 - PluginManage : Loaded plugins [13]
2025-09-27 19:45:27,509 [INFO] PinOutPanel:1463 - setPackage(No Configuration,No Configuration)
2025-09-27 19:45:27,588 [INFO] IPUIPlugin:74 - create IPUIPlugin
2025-09-27 19:45:27,588 [INFO] PluginManager:213 - loadIPPluginJar : add adc
2025-09-27 19:45:27,591 [INFO] IPUIPlugin:74 - create IPUIPlugin
2025-09-27 19:45:27,591 [INFO] PluginManager:213 - loadIPPluginJar : add aes
2025-09-27 19:45:27,593 [INFO] IPUIPlugin:74 - create IPUIPlugin
2025-09-27 19:45:27,593 [INFO] PluginManager:213 - loadIPPluginJar : add can
2025-09-27 19:45:27,595 [INFO] IPUIPlugin:74 - create IPUIPlugin
2025-09-27 19:45:27,595 [INFO] PluginManager:213 - loadIPPluginJar : add comp
2025-09-27 19:45:27,597 [INFO] IPUIPlugin:74 - create IPUIPlugin
2025-09-27 19:45:27,597 [INFO] PluginManager:213 - loadIPPluginJar : add cryp
2025-09-27 19:45:27,600 [INFO] IPUIPlugin:74 - create IPUIPlugin
2025-09-27 19:45:27,600 [INFO] PluginManager:213 - loadIPPluginJar : add dfsdm
2025-09-27 19:45:27,605 [INFO] IPUIPlugin:74 - create IPUIPlugin
2025-09-27 19:45:27,606 [INFO] PluginManager:213 - loadIPPluginJar : add dma
2025-09-27 19:45:27,608 [INFO] IPUIPlugin:74 - create IPUIPlugin
2025-09-27 19:45:27,609 [INFO] PluginManager:213 - loadIPPluginJar : add dma3
2025-09-27 19:45:27,610 [INFO] IPUIPlugin:74 - create IPUIPlugin
2025-09-27 19:45:27,610 [INFO] PluginManager:213 - loadIPPluginJar : add fatfs
2025-09-27 19:45:27,614 [INFO] IPUIPlugin:74 - create IPUIPlugin
2025-09-27 19:45:27,614 [INFO] PluginManager:213 - loadIPPluginJar : add fmc
2025-09-27 19:45:27,619 [INFO] IPUIPlugin:74 - create IPUIPlugin
2025-09-27 19:45:27,619 [INFO] PluginManager:213 - loadIPPluginJar : add freertos
2025-09-27 19:45:27,620 [INFO] IPUIPlugin:74 - create IPUIPlugin
2025-09-27 19:45:27,621 [INFO] PluginManager:213 - loadIPPluginJar : add genericplugin
2025-09-27 19:45:27,622 [INFO] IPUIPlugin:74 - create IPUIPlugin
2025-09-27 19:45:27,623 [INFO] PluginManager:213 - loadIPPluginJar : add gfxmmu
2025-09-27 19:45:27,627 [INFO] IPUIPlugin:74 - create IPUIPlugin
2025-09-27 19:45:27,628 [INFO] PluginManager:213 - loadIPPluginJar : add gic
2025-09-27 19:45:27,631 [INFO] IPUIPlugin:74 - create IPUIPlugin
2025-09-27 19:45:27,631 [INFO] PluginManager:213 - loadIPPluginJar : add gpio
2025-09-27 19:45:27,633 [INFO] IPUIPlugin:74 - create IPUIPlugin
2025-09-27 19:45:27,634 [INFO] PluginManager:213 - loadIPPluginJar : add gtzc
2025-09-27 19:45:27,636 [INFO] IPUIPlugin:74 - create IPUIPlugin
2025-09-27 19:45:27,636 [INFO] PluginManager:213 - loadIPPluginJar : add hash
2025-09-27 19:45:27,638 [INFO] IPUIPlugin:74 - create IPUIPlugin
2025-09-27 19:45:27,638 [INFO] PluginManager:213 - loadIPPluginJar : add i2c
2025-09-27 19:45:27,640 [INFO] IPUIPlugin:74 - create IPUIPlugin
2025-09-27 19:45:27,640 [INFO] PluginManager:213 - loadIPPluginJar : add i2s
2025-09-27 19:45:27,643 [INFO] IPUIPlugin:74 - create IPUIPlugin
2025-09-27 19:45:27,643 [INFO] PluginManager:213 - loadIPPluginJar : add ipddr
2025-09-27 19:45:27,650 [INFO] IPUIPlugin:74 - create IPUIPlugin
2025-09-27 19:45:27,650 [INFO] PluginManager:213 - loadIPPluginJar : add linkedlist
2025-09-27 19:45:27,652 [INFO] IPUIPlugin:74 - create IPUIPlugin
2025-09-27 19:45:27,653 [INFO] PluginManager:213 - loadIPPluginJar : add lorawan
2025-09-27 19:45:27,654 [INFO] IPUIPlugin:74 - create IPUIPlugin
2025-09-27 19:45:27,654 [INFO] PluginManager:213 - loadIPPluginJar : add ltdc
2025-09-27 19:45:27,658 [INFO] IPUIPlugin:74 - create IPUIPlugin
2025-09-27 19:45:27,658 [INFO] PluginManager:213 - loadIPPluginJar : add mdma
2025-09-27 19:45:27,661 [INFO] IPUIPlugin:74 - create IPUIPlugin
2025-09-27 19:45:27,661 [INFO] PluginManager:213 - loadIPPluginJar : add nvic
2025-09-27 19:45:27,664 [INFO] IPUIPlugin:74 - create IPUIPlugin
2025-09-27 19:45:27,664 [INFO] PluginManager:213 - loadIPPluginJar : add opamp
2025-09-27 19:45:27,666 [INFO] IPUIPlugin:74 - create IPUIPlugin
2025-09-27 19:45:27,666 [INFO] PluginManager:213 - loadIPPluginJar : add openamp
2025-09-27 19:45:27,669 [INFO] IPUIPlugin:74 - create IPUIPlugin
2025-09-27 19:45:27,669 [INFO] PluginManager:213 - loadIPPluginJar : add pdm2pcm
2025-09-27 19:45:27,675 [INFO] IPUIPlugin:74 - create IPUIPlugin
2025-09-27 19:45:27,677 [INFO] PluginManager:213 - loadIPPluginJar : add plateformsettings
2025-09-27 19:45:27,679 [INFO] IPUIPlugin:74 - create IPUIPlugin
2025-09-27 19:45:27,679 [INFO] PluginManager:213 - loadIPPluginJar : add quadspi
2025-09-27 19:45:27,682 [INFO] IPUIPlugin:74 - create IPUIPlugin
2025-09-27 19:45:27,682 [INFO] PluginManager:213 - loadIPPluginJar : add resmgrutility
2025-09-27 19:45:27,684 [INFO] IPUIPlugin:74 - create IPUIPlugin
2025-09-27 19:45:27,685 [INFO] PluginManager:213 - loadIPPluginJar : add sai
2025-09-27 19:45:27,687 [INFO] IPUIPlugin:74 - create IPUIPlugin
2025-09-27 19:45:27,687 [INFO] PluginManager:213 - loadIPPluginJar : add spi
2025-09-27 19:45:27,691 [INFO] IPUIPlugin:74 - create IPUIPlugin
2025-09-27 19:45:27,691 [INFO] PluginManager:213 - loadIPPluginJar : add stm32_wpan
2025-09-27 19:45:27,694 [INFO] IPUIPlugin:74 - create IPUIPlugin
2025-09-27 19:45:27,694 [INFO] PluginManager:213 - loadIPPluginJar : add tim
2025-09-27 19:45:27,697 [INFO] IPUIPlugin:74 - create IPUIPlugin
2025-09-27 19:45:27,697 [INFO] PluginManager:213 - loadIPPluginJar : add touchsensing
2025-09-27 19:45:27,698 [INFO] IPUIPlugin:74 - create IPUIPlugin
2025-09-27 19:45:27,699 [INFO] PluginManager:213 - loadIPPluginJar : add tracer_emb
2025-09-27 19:45:27,700 [INFO] IPUIPlugin:74 - create IPUIPlugin
2025-09-27 19:45:27,700 [INFO] PluginManager:213 - loadIPPluginJar : add ts
2025-09-27 19:45:27,702 [INFO] IPUIPlugin:74 - create IPUIPlugin
2025-09-27 19:45:27,702 [INFO] PluginManager:213 - loadIPPluginJar : add tsc
2025-09-27 19:45:27,704 [INFO] IPUIPlugin:74 - create IPUIPlugin
2025-09-27 19:45:27,704 [INFO] PluginManager:213 - loadIPPluginJar : add ucpd
2025-09-27 19:45:27,706 [INFO] IPUIPlugin:74 - create IPUIPlugin
2025-09-27 19:45:27,707 [INFO] PluginManager:213 - loadIPPluginJar : add usart
2025-09-27 19:45:27,709 [INFO] IPUIPlugin:74 - create IPUIPlugin
2025-09-27 19:45:27,709 [INFO] PluginManager:213 - loadIPPluginJar : add usbx
2025-09-27 19:45:28,014 [FATAL] Updater:294 - Updater called before beeing initialized
2025-09-27 19:45:28,115 [FATAL] Updater:294 - Updater called before beeing initialized
2025-09-27 19:45:28,119 [INFO] DbMcusAds:47 - JSON generation date=Tue Jul 08 15:14:23 ICT 2025 (1751962463524)
2025-09-27 19:45:28,119 [FATAL] Updater:294 - Updater called before beeing initialized
2025-09-27 19:45:28,151 [WARN] DetailPanel:314 - Failed to get advertising image, set to default
2025-09-27 19:45:28,241 [FATAL] Updater:294 - Updater called before beeing initialized
2025-09-27 19:45:28,243 [FATAL] Updater:294 - Updater called before beeing initialized
2025-09-27 19:45:28,243 [FATAL] Updater:294 - Updater called before beeing initialized
2025-09-27 19:45:28,243 [WARN] DetailPanel:314 - Failed to get advertising image, set to default
2025-09-27 19:45:28,244 [FATAL] Updater:294 - Updater called before beeing initialized
2025-09-27 19:45:28,293 [ERROR] Updater:1075 - MainUpdater not yet initialized. External WinMGr cannot be set.
2025-09-27 19:45:28,294 [INFO] Updater:1012 - Updater Version found : 6.3.0
2025-09-27 19:45:28,310 [INFO] ApplicationProperties:181 - Using Application install path: C:\ST\STM32CubeIDE_1.7.0\STM32CubeIDE\plugins\com.st.stm32cube.common.mx_6.3.0.202107141111
2025-09-27 19:45:28,670 [INFO] MainUpdater:2671 - connection check result : 10
2025-09-27 19:45:28,673 [INFO] MainUpdater:265 - Updater Check For Update Now.
2025-09-27 19:45:28,674 [INFO] MicroXplorer:478 - Change Database Version : DB.6.0.30
2025-09-27 19:45:28,887 [INFO] CheckServerUpdateThread:112 - End of CheckServer Thread
2025-09-27 19:45:28,909 [INFO] MainUpdater:2671 - connection check result : 10
2025-09-27 19:45:29,156 [INFO] McuFinderGlobals:52 - Set McuFinderConnectedMode to false
2025-09-27 19:45:29,255 [INFO] CrossSelectorPresenter:1330 - Cross Selector saved comparison directory: C:\Users\dell pro\.stmcufinder\plugins\mcufinder\mcu\cs_comparisons_mx
2025-09-27 19:45:29,260 [INFO] MultiScanPanel:197 - Auto-refresh data requested => check proxy status ongoing
2025-09-27 19:45:29,260 [INFO] MultiScanPanel:201 - Proxy status is invalid
2025-09-27 19:45:29,263 [INFO] FinderPluginLoader:87 - Searching for filters in installed packs
2025-09-27 19:45:29,264 [INFO] DbMcusXml:100 - Load MCU database from C:\ST\STM32CubeIDE_1.7.0\STM32CubeIDE\plugins\com.st.stm32cube.common.mx_6.3.0.202107141111\\db\/mcu/families.xml
2025-09-27 19:45:30,240 [INFO] DbMcusJson:93 - JSON generation date=Tue Nov 16 23:17:54 ICT 2021 (1637079474)
2025-09-27 19:45:30,411 [ERROR] Engine:463 - C:\Users\dell pro\.stm32cubemx\thirdparties\pdsc\STMicroelectronics.FP-SNS-MOTENVWB1.1.4.0.pdsc: PDSC version is not supported
2025-09-27 19:45:30,441 [WARN] PackLoader:238 - Cannot read IP mode file for STMicroelectronics.FP-ATR-ASTRA1.2.0.2
2025-09-27 19:45:30,449 [ERROR] Engine:463 - C:\Users\dell pro\.stm32cubemx\thirdparties\pdsc\STMicroelectronics.X-CUBE-SMBUS.2.1.0.pdsc: PDSC version is not supported
2025-09-27 19:45:30,451 [ERROR] Engine:463 - C:\Users\dell pro\.stm32cubemx\thirdparties\pdsc\STMicroelectronics.X-CUBE-ST60.1.0.0.pdsc: PDSC version is not supported
2025-09-27 19:45:30,528 [WARN] PackLoader:238 - Cannot read IP mode file for STMicroelectronics.X-CUBE-AZRTOS-F7.1.1.0
2025-09-27 19:45:30,542 [ERROR] Engine:463 - C:\Users\dell pro\.stm32cubemx\thirdparties\pdsc\WES.I-CUBE-Cesium.1.4.0.pdsc: PDSC version is not supported
2025-09-27 19:45:30,554 [ERROR] Engine:463 - C:\Users\dell pro\.stm32cubemx\thirdparties\pdsc\Infineon.AIROC-Wi-Fi-Bluetooth-STM32.1.7.1.pdsc: PDSC version is not supported
2025-09-27 19:45:30,593 [WARN] PackLoader:238 - Cannot read IP mode file for STMicroelectronics.X-CUBE-AZRTOS-H7.3.4.0
2025-09-27 19:45:30,615 [ERROR] Engine:463 - C:\Users\dell pro\.stm32cubemx\thirdparties\pdsc\STMicroelectronics.X-CUBE-DISPLAY.3.0.0.pdsc: PDSC version is not supported
2025-09-27 19:45:30,624 [WARN] PackLoader:238 - Cannot read IP mode file for STMicroelectronics.X-CUBE-NFC10.1.0.0
2025-09-27 19:45:30,644 [ERROR] Engine:463 - C:\Users\dell pro\.stm32cubemx\thirdparties\pdsc\emotas.I-CUBE-CANOPEN.1.3.0.pdsc: PDSC version is not supported
2025-09-27 19:45:30,648 [ERROR] Engine:463 - C:\Users\dell pro\.stm32cubemx\thirdparties\pdsc\STMicroelectronics.FP-SNS-STBOX1.2.1.0.pdsc: PDSC version is not supported
2025-09-27 19:45:30,650 [ERROR] Engine:463 - C:\Users\dell pro\.stm32cubemx\thirdparties\pdsc\STMicroelectronics.FP-SNS-SMARTAG2.1.2.0.pdsc: PDSC version is not supported
2025-09-27 19:45:30,652 [ERROR] Engine:463 - C:\Users\dell pro\.stm32cubemx\thirdparties\pdsc\STMicroelectronics.FP-SNS-FLIGHT1.5.1.0.pdsc: PDSC version is not supported
2025-09-27 19:45:30,661 [INFO] LogOutputStream:76 - [STDOUT_REDIRECT] 1 : Invalid condition id : UX_CORESTACK_Condition cause : null
2025-09-27 19:45:30,662 [INFO] LogOutputStream:76 - [STDOUT_REDIRECT] 1 : Invalid condition id : UX_CORESTACK_Condition cause : null
2025-09-27 19:45:30,664 [INFO] LogOutputStream:76 - [STDOUT_REDIRECT] 1 : Invalid condition id : UX_CORESTACK_Condition cause : null
2025-09-27 19:45:30,666 [INFO] LogOutputStream:76 - [STDOUT_REDIRECT] 1 : Invalid condition id : UX_CORESTACK_Condition cause : null
2025-09-27 19:45:30,667 [INFO] LogOutputStream:76 - [STDOUT_REDIRECT] 1 : Invalid condition id : UX_CORESTACK_Condition cause : null
2025-09-27 19:45:30,670 [WARN] PackLoader:238 - Cannot read IP mode file for STMicroelectronics.X-CUBE-AZRTOS-WL.2.0.0
2025-09-27 19:45:30,673 [ERROR] Engine:463 - C:\Users\dell pro\.stm32cubemx\thirdparties\pdsc\STMicroelectronics.FP-SNS-MOTENV1.5.0.0.pdsc: PDSC version is not supported
2025-09-27 19:45:30,677 [WARN] PackLoader:238 - Cannot read IP mode file for STMicroelectronics.X-CUBE-BLE2.3.3.0
2025-09-27 19:45:30,686 [WARN] PackLoader:238 - Cannot read IP mode file for STMicroelectronics.X-CUBE-NFC9.1.0.0
2025-09-27 19:45:30,693 [WARN] PackLoader:238 - Cannot read IP mode file for wolfSSL.I-CUBE-wolfSSL.5.8.2
2025-09-27 19:45:30,699 [WARN] PackLoader:238 - Cannot read IP mode file for STMicroelectronics.X-CUBE-BLE1.7.1.0
2025-09-27 19:45:30,703 [WARN] PackLoader:238 - Cannot read IP mode file for wolfSSL.I-CUBE-wolfMQTT.1.19.2
2025-09-27 19:45:30,710 [WARN] PackLoader:238 - Cannot read IP mode file for STMicroelectronics.X-CUBE-EEPRMA1.5.2.0
2025-09-27 19:45:30,717 [WARN] PackLoader:238 - Cannot read IP mode file for STMicroelectronics.X-CUBE-AI.10.1.0
2025-09-27 19:45:30,758 [WARN] PackLoader:238 - Cannot read IP mode file for STMicroelectronics.X-CUBE-AZRTOS-G0.1.1.0
2025-09-27 19:45:30,771 [WARN] PackLoader:238 - Cannot read IP mode file for STMicroelectronics.X-CUBE-SAFEA1.1.2.2
2025-09-27 19:45:30,778 [WARN] PackLoader:238 - Cannot read IP mode file for STMicroelectronics.X-CUBE-NFC4.3.0.0
2025-09-27 19:45:30,786 [ERROR] Engine:463 - C:\Users\dell pro\.stm32cubemx\thirdparties\pdsc\EmbeddedOffice.I-CUBE-FS-RTOS.1.0.1.pdsc: PDSC version is not supported
2025-09-27 19:45:30,793 [WARN] PackLoader:238 - Cannot read IP mode file for STMicroelectronics.X-CUBE-WB05N.2.0.0
2025-09-27 19:45:30,800 [WARN] PackLoader:238 - Cannot read IP mode file for wolfSSL.I-CUBE-wolfTPM.3.8.0
2025-09-27 19:45:30,804 [ERROR] Engine:463 - C:\Users\dell pro\.stm32cubemx\thirdparties\pdsc\STMicroelectronics.X-CUBE-TCPP.4.2.0.pdsc: PDSC version is not supported
2025-09-27 19:45:30,806 [ERROR] Engine:463 - C:\Users\dell pro\.stm32cubemx\thirdparties\pdsc\RealThread.X-CUBE-RT-Thread_Nano.4.1.1.pdsc: PDSC version is not supported
2025-09-27 19:45:30,810 [WARN] PackLoader:238 - Cannot read IP mode file for STMicroelectronics.FP-ATR-SIGFOX1.3.2.0
2025-09-27 19:45:30,817 [ERROR] Engine:463 - C:\Users\dell pro\.stm32cubemx\thirdparties\pdsc\ITTIA_DB.I-CUBE-ITTIADB.8.9.0.pdsc: PDSC version is not supported
2025-09-27 19:45:30,820 [ERROR] Engine:463 - C:\Users\dell pro\.stm32cubemx\thirdparties\pdsc\STMicroelectronics.X-CUBE-ST67W61.1.0.0.pdsc: PDSC version is not supported
2025-09-27 19:45:30,823 [WARN] PackLoader:238 - Cannot read IP mode file for STMicroelectronics.X-CUBE-AI.10.2.0
2025-09-27 19:45:30,877 [WARN] PackLoader:238 - Cannot read IP mode file for SEGGER.I-CUBE-embOS.1.3.1
2025-09-27 19:45:30,959 [WARN] PackLoader:238 - Cannot read IP mode file for STMicroelectronics.X-CUBE-ALGOBUILD.1.4.0
2025-09-27 19:45:31,037 [WARN] PackLoader:238 - Cannot read IP mode file for STMicroelectronics.X-CUBE-MEMS1.11.3.0
2025-09-27 19:45:31,342 [INFO] DbMcus:175 - Found 1951 MCUs (1903 are supported by CubeMX, 1914 are visible in CubeMX)
2025-09-27 19:45:31,343 [INFO] ApiDb:251 - Load user favorites file C:\Users\dell pro/.stm32cubeide/favorites.mcus.txt: 0 item(s)
2025-09-27 19:45:31,343 [INFO] ApiDb:255 - User favorites MCUs=[]
2025-09-27 19:45:31,343 [INFO] DbMcus:187 - Set 0 / 0 favorites MCUs
2025-09-27 19:45:31,406 [WARN] PackLoader:238 - Cannot read IP mode file for STMicroelectronics.X-CUBE-PM33A1.1.0.0
2025-09-27 19:45:31,436 [WARN] PackLoader:238 - Cannot read IP mode file for STMicroelectronics.X-CUBE-AZRTOS-F4.1.1.0
2025-09-27 19:45:31,444 [ERROR] Engine:463 - C:\Users\dell pro\.stm32cubemx\thirdparties\pdsc\Avnet-IotConnect.X-CUBE-IoTC-DA16k-PMOD.1.0.0.pdsc: PDSC version is not supported
2025-09-27 19:45:31,449 [WARN] PackLoader:238 - Cannot read IP mode file for STMicroelectronics.X-CUBE-ISPU.2.1.0
2025-09-27 19:45:31,466 [WARN] PackLoader:238 - Cannot read IP mode file for STMicroelectronics.X-CUBE-NFC12.1.0.0
2025-09-27 19:45:31,492 [WARN] PackLoader:238 - Cannot read IP mode file for STMicroelectronics.X-CUBE-AZRTOS-L5.2.0.0
2025-09-27 19:45:31,507 [WARN] PackLoader:238 - Cannot read IP mode file for STMicroelectronics.X-CUBE-NFC6.3.1.0
2025-09-27 19:45:31,516 [ERROR] Engine:463 - C:\Users\dell pro\.stm32cubemx\thirdparties\pdsc\STMicroelectronics.X-CUBE-FREERTOS.1.3.1.pdsc: PDSC version is not supported
2025-09-27 19:45:31,520 [ERROR] Engine:463 - C:\Users\dell pro\.stm32cubemx\thirdparties\pdsc\STMicroelectronics.FP-SNS-STAIOTCFT.1.0.0.pdsc: PDSC version is not supported
2025-09-27 19:45:31,523 [ERROR] Engine:463 - C:\Users\dell pro\.stm32cubemx\thirdparties\pdsc\STMicroelectronics.X-CUBE-DPower.1.3.0.pdsc: PDSC version is not supported
2025-09-27 19:45:31,551 [WARN] ConditionMgr:437 - getConditionDescription Invalid condition id : LAN8742 Phy interface Condition cause : null
2025-09-27 19:45:31,552 [WARN] PackLoader:238 - Cannot read IP mode file for STMicroelectronics.X-CUBE-AZRTOS-L4.2.0.0
2025-09-27 19:45:31,554 [WARN] ConditionMgr:1038 - genDependencies : Invalid condition id : LAN8742 Phy interface Condition cause : null
2025-09-27 19:45:31,555 [WARN] ConditionMgr:1038 - genDependencies : Invalid condition id : LAN8742 Phy interface Condition cause : null
2025-09-27 19:45:31,555 [WARN] ConditionMgr:1038 - genDependencies : Invalid condition id : LAN8742 Phy interface Condition cause : null
2025-09-27 19:45:31,566 [WARN] PackLoader:238 - Cannot read IP mode file for STMicroelectronics.X-CUBE-SFXS2LP1.4.0.0
2025-09-27 19:45:31,575 [ERROR] Engine:463 - C:\Users\dell pro\.stm32cubemx\thirdparties\pdsc\STMicroelectronics.X-CUBE-BLEMGR.4.1.0.pdsc: PDSC version is not supported
2025-09-27 19:45:31,597 [WARN] ConditionMgr:437 - getConditionDescription Invalid condition id : UX DEVICE CLASS RTOS Condition cause : null
2025-09-27 19:45:31,598 [WARN] ConditionMgr:437 - getConditionDescription Invalid condition id : UX DEVICE CLASS RTOS Condition cause : null
2025-09-27 19:45:31,601 [WARN] PackLoader:238 - Cannot read IP mode file for STMicroelectronics.X-CUBE-AZRTOS-WB.2.0.0
2025-09-27 19:45:31,602 [WARN] ConditionMgr:1038 - genDependencies : Invalid condition id : UX DEVICE CLASS RTOS Condition cause : null
2025-09-27 19:45:31,602 [WARN] ConditionMgr:1038 - genDependencies : Invalid condition id : UX DEVICE CLASS RTOS Condition cause : null
2025-09-27 19:45:31,603 [WARN] ConditionMgr:1038 - genDependencies : Invalid condition id : UX DEVICE CLASS RTOS Condition cause : null
2025-09-27 19:45:31,603 [WARN] ConditionMgr:1038 - genDependencies : Invalid condition id : UX DEVICE CLASS RTOS Condition cause : null
2025-09-27 19:45:31,603 [WARN] ConditionMgr:1038 - genDependencies : Invalid condition id : UX DEVICE CLASS RTOS Condition cause : null
2025-09-27 19:45:31,609 [WARN] PackLoader:238 - Cannot read IP mode file for STMicroelectronics.X-CUBE-GNSS1.7.0.1
2025-09-27 19:45:31,632 [WARN] PackLoader:238 - Cannot read IP mode file for STMicroelectronics.X-CUBE-TOUCHGFX.4.25.0
2025-09-27 19:45:31,636 [ERROR] Engine:463 - C:\Users\dell pro\.stm32cubemx\thirdparties\pdsc\STMicroelectronics.FP-SNS-STBOX1.2.0.0.pdsc: PDSC version is not supported
2025-09-27 19:45:31,638 [ERROR] Engine:463 - C:\Users\dell pro\.stm32cubemx\thirdparties\pdsc\quantropi.X-CUBE-qispace-sdk-base.2.1.0.pdsc: PDSC version is not supported
2025-09-27 19:45:31,665 [WARN] PackLoader:238 - Cannot read IP mode file for STMicroelectronics.X-CUBE-SUBG2.5.0.0
2025-09-27 19:45:31,706 [WARN] PackLoader:238 - Cannot read IP mode file for STMicroelectronics.X-CUBE-AZRTOS-H7RS.1.1.0
2025-09-27 19:45:31,716 [ERROR] Engine:463 - C:\Users\dell pro\.stm32cubemx\thirdparties\pdsc\Cesanta.I-CUBE-Mongoose.7.13.0.pdsc: PDSC version is not supported
2025-09-27 19:45:31,741 [WARN] PackLoader:238 - Cannot read IP mode file for STMicroelectronics.X-CUBE-AZRTOS-G4.2.0.0
2025-09-27 19:45:31,750 [WARN] PackLoader:238 - Cannot read IP mode file for wolfSSL.I-CUBE-wolfSSH.1.4.20
2025-09-27 19:45:31,755 [WARN] PackLoader:238 - Cannot read IP mode file for STMicroelectronics.X-CUBE-NFC7.2.0.0
2025-09-27 19:45:31,765 [ERROR] Engine:463 - C:\Users\dell pro\.stm32cubemx\thirdparties\pdsc\STMicroelectronics.X-CUBE-IPS.3.1.0.pdsc: PDSC version is not supported
2025-09-27 19:45:31,768 [ERROR] Engine:463 - C:\Users\dell pro\.stm32cubemx\thirdparties\pdsc\STMicroelectronics.X-CUBE-ALS.1.0.2.pdsc: PDSC version is not supported
2025-09-27 19:45:31,775 [WARN] PackLoader:238 - Cannot read IP mode file for STMicroelectronics.X-CUBE-STSE01.1.0.0
2025-09-27 19:45:31,784 [ERROR] Engine:463 - C:\Users\dell pro\.stm32cubemx\thirdparties\pdsc\STMicroelectronics.X-CUBE-TOF1.3.4.3.pdsc: PDSC version is not supported
2025-09-27 19:45:31,784 [INFO] ThirdParty:915 - Integrity check success = true
2025-09-27 19:45:31,784 [INFO] IntegrityCheckThread:94 - exiting critical section [integrity check]
2025-09-27 19:45:31,784 [INFO] IntegrityCheckThread:97 - End integrity checks thread
2025-09-27 19:45:32,002 [INFO] DetailPanel:309 - Set advertising image to C:/Users/dell pro/STM32Cube/Repository/\en.2400x1350px.jpeg
2025-09-27 19:45:32,395 [INFO] DbBoardsPdsc:90 - Found 25 items
2025-09-27 19:45:32,397 [INFO] DbBoardsPdsc:90 - Found 9 items
2025-09-27 19:45:32,400 [INFO] DbBoardsPdsc:90 - Found 33 items
2025-09-27 19:45:32,401 [INFO] DbBoardsPdsc:90 - Found 1 items
2025-09-27 19:45:32,407 [INFO] DbBoardsPdsc:90 - Found 48 items
2025-09-27 19:45:32,414 [INFO] DbBoardsPdsc:90 - Found 43 items
2025-09-27 19:45:32,415 [INFO] DbBoardsPdsc:90 - Found 2 items
2025-09-27 19:45:32,417 [INFO] DbBoardsPdsc:90 - Found 5 items
2025-09-27 19:45:32,420 [WARN] DbBoardsPdsc:254 - Board STM32H7B3I-DK: unknown feature type=Audio, name=, username=Audio stereo codec with Headphone Amp (CS42L51-CNZ), n=1
2025-09-27 19:45:32,421 [WARN] DbBoardsPdsc:254 - Board STM32H735G-DK: unknown feature type=Audio, name=, username=Audio stereo codec with Headphone Amp (WM8994ECS/R), n=1
2025-09-27 19:45:32,441 [WARN] DbBoardsPdsc:254 - Board STM32H7B3I-EVAL: unknown feature type=Audio, name=, username=Multi-Channel Audio Codec (CS42L51-CNZ), n=1
2025-09-27 19:45:32,441 [WARN] DbBoardsPdsc:254 - Board STM32H7B3I-EVAL: unknown feature type=Meter, name=, username=Power-metering and Temperature-monitoring with sigma-delta modulators, n=1
2025-09-27 19:45:32,441 [WARN] DbBoardsPdsc:254 - Board STM32H7B3I-EVAL: unknown feature type=Motor, name=, username=Motor Control, n=1
2025-09-27 19:45:32,442 [WARN] DbBoardsPdsc:254 - Board STM32U575I-EV: unknown feature type=joystick, name=, username=4-direction joystick with selection button, n=1
2025-09-27 19:45:32,459 [INFO] DbBoardsJson:86 - JSON generation date=Tue Nov 16 23:17:54 ICT 2021 (1637079474)
2025-09-27 19:45:32,464 [INFO] DbBoards:117 - Found 167 boards (163 are supported by CubeMX)
2025-09-27 19:45:32,466 [INFO] DbBoardsDocs:143 - JSON generation date=Tue Nov 16 23:17:54 ICT 2021 (1637079474)
2025-09-27 19:45:32,471 [INFO] DbBoardsDocs:79 - Found 209 boards documents
2025-09-27 19:45:32,471 [WARN] DbBoards:127 - board B-L475E-IOT01A2 has no document id list !
2025-09-27 19:45:32,472 [WARN] DbBoards:127 - board NUCLEO-H743ZI has no document id list !
2025-09-27 19:45:32,472 [WARN] DbBoards:127 - board NUCLEO-WL55JC2 has no document id list !
2025-09-27 19:45:32,472 [WARN] DbBoards:127 - board P-NUCLEO-WB55-Nucleo has no document id list !
2025-09-27 19:45:32,472 [WARN] DbBoards:127 - board P-NUCLEO-WB55-USBDongle has no document id list !
2025-09-27 19:45:32,472 [WARN] DbBoards:127 - board STEVAL-BFA001V1B has no document id list !
2025-09-27 19:45:32,472 [WARN] DbBoards:127 - board STEVAL-BFA001V2B has no document id list !
2025-09-27 19:45:32,472 [WARN] DbBoards:127 - board STEVAL-IDP005V1 has no document id list !
2025-09-27 19:45:32,472 [WARN] DbBoards:127 - board STEVAL-IDP005V2 has no document id list !
2025-09-27 19:45:32,472 [WARN] DbBoards:127 - board STEVAL-MKSBOX1V1 has no document id list !
2025-09-27 19:45:32,473 [WARN] DbBoards:127 - board STEVAL-STWINKT1 has no document id list !
2025-09-27 19:45:32,473 [WARN] DbBoards:127 - board STEVAL-STWINKT1B has no document id list !
2025-09-27 19:45:32,473 [WARN] DbBoards:127 - board STM32439I-EVAL2 has no document id list !
2025-09-27 19:45:32,473 [WARN] DbBoards:127 - board STM32F401C-DISCO has no document id list !
2025-09-27 19:45:32,473 [WARN] DbBoards:127 - board STM32F769I-DISC1 has no document id list !
2025-09-27 19:45:32,473 [WARN] DbBoards:127 - board STM32G474E-EVAL1 has no document id list !
2025-09-27 19:45:32,474 [WARN] DbBoards:127 - board STM32H743I-EVAL2 has no document id list !
2025-09-27 19:45:32,474 [WARN] DbBoards:127 - board STM32H747I-DISC1 has no document id list !
2025-09-27 19:45:32,474 [WARN] DbBoards:127 - board STM32H753I-EVAL2 has no document id list !
2025-09-27 19:45:32,474 [WARN] DbBoards:127 - board STM32L-DISCOVERY has no document id list !
2025-09-27 19:45:32,594 [ERROR] DbBoards:189 - Image file not found for board B-U585I-IOT02A: C:\ST\STM32CubeIDE_1.7.0\STM32CubeIDE\plugins\com.st.stm32cube.common.mx_6.3.0.202107141111\\db\/plugins/mcufinder/images/boards/B-U585I-IOT02A_small.jpg
2025-09-27 19:45:32,697 [ERROR] DbBoards:189 - Image file not found for board NUCLEO-F413ZH: C:\ST\STM32CubeIDE_1.7.0\STM32CubeIDE\plugins\com.st.stm32cube.common.mx_6.3.0.202107141111\\db\/plugins/mcufinder/images/boards/nucleo-f413zh_small.jpg
2025-09-27 19:45:32,883 [ERROR] DbBoards:189 - Image file not found for board NUCLEO-L552ZE-Q: C:\ST\STM32CubeIDE_1.7.0\STM32CubeIDE\plugins\com.st.stm32cube.common.mx_6.3.0.202107141111\\db\/plugins/mcufinder/images/boards/nucleo_l552ze_q_small.jpg
2025-09-27 19:45:32,883 [ERROR] DbBoards:189 - Image file not found for board NUCLEO-U575ZI-Q: C:\ST\STM32CubeIDE_1.7.0\STM32CubeIDE\plugins\com.st.stm32cube.common.mx_6.3.0.202107141111\\db\/plugins/mcufinder/images/boards/nucleo-u575zi-q_small.jpg
2025-09-27 19:45:32,883 [ERROR] DbBoards:189 - Image file not found for board NUCLEO-WB15CC: C:\ST\STM32CubeIDE_1.7.0\STM32CubeIDE\plugins\com.st.stm32cube.common.mx_6.3.0.202107141111\\db\/plugins/mcufinder/images/boards/nucleo-wb15cc_small.jpg
2025-09-27 19:45:32,883 [ERROR] DbBoards:189 - Image file not found for board NUCLEO-WB55RG: C:\ST\STM32CubeIDE_1.7.0\STM32CubeIDE\plugins\com.st.stm32cube.common.mx_6.3.0.202107141111\\db\/plugins/mcufinder/images/boards/nucleo-wb55rg_small.jpg
2025-09-27 19:45:33,986 [INFO] ApiDb:251 - Load user favorites file C:\Users\dell pro/.stm32cubeide/favorites.boards.txt: 0 item(s)
2025-09-27 19:45:33,987 [INFO] ApiDb:255 - User favorites Boards=[]
2025-09-27 19:45:33,987 [INFO] DbBoards:206 - Set 0 / 0 favorites Boards
2025-09-27 19:45:46,469 [INFO] DbMcusDocs:143 - JSON generation date=Tue Nov 16 23:17:54 ICT 2021 (1637079474)
2025-09-27 19:45:46,856 [INFO] DbMcusDocs:79 - Found 682 MCUs documents
2025-09-27 19:46:03,213 [INFO] MainUpdater:2671 - connection check result : 10
2025-09-27 19:46:03,213 [INFO] MainUpdater:2671 - connection check result : 10
2025-09-27 19:46:03,250 [INFO] MicroXplorer:448 - Change Database Path : 
2025-09-27 19:46:03,251 [INFO] MicroXplorer:478 - Change Database Version : DB.6.0.30
2025-09-27 19:46:03,251 [WARN] ThirdParty:813 - waiting for thirdparty lock release [close project]
2025-09-27 19:46:03,251 [INFO] ThirdParty:815 - entering critical section [close project]
2025-09-27 19:46:03,252 [INFO] ThirdParty:825 - exiting critical section [close project]
2025-09-27 19:46:03,258 [INFO] PinOutPanel:1463 - setPackage(No Configuration,No Configuration)
2025-09-27 19:46:03,261 [INFO] UtilMem:74 - Begin LoadConfig() Used Memory: 340298216 Bytes (621805568)
2025-09-27 19:46:03,263 [INFO] MicroXplorer:448 - Change Database Path : 
2025-09-27 19:46:03,263 [INFO] MicroXplorer:478 - Change Database Version : DB.6.0.30
2025-09-27 19:46:03,263 [INFO] OpenFileManager:313 - Change cursor
2025-09-27 19:46:04,075 [INFO] Context:592 - Trying to add GPIOservice into a context  which must be forbidden
2025-09-27 19:46:04,232 [INFO] ImportTextPane:167 - (OptionalMessage_ERROR) Unable to find key (Mcu.ThirdPartyNb) in loaded IOC file
2025-09-27 19:46:04,232 [INFO] ImportTextPane:167 - (OptionalMessage_ERROR) Unable to find key (Mcu.PinsNb) in loaded IOC file
2025-09-27 19:46:04,232 [INFO] ImportTextPane:167 - (OptionalMessage_ERROR) Unable to find key (Mcu.IPNb) in loaded IOC file
2025-09-27 19:46:04,271 [WARN] ApiManager:304 - Cannot register API 'Board Extension:PM33A1' from pack STMicroelectronics.X-CUBE-PM33A1.1.0.0: no header file found
2025-09-27 19:46:04,277 [WARN] ApiManager:304 - Cannot register API 'Board Extension:NFC09A1' from pack STMicroelectronics.X-CUBE-NFC9.1.0.0: no header file found
2025-09-27 19:46:04,282 [WARN] ApiManager:304 - Cannot register API 'Wireless:BlueNRG-MS' from pack STMicroelectronics.X-CUBE-BLE1.7.1.0: no header file found
2025-09-27 19:46:04,284 [WARN] ApiManager:304 - Cannot register API 'Board Extension:EEPRMA2' from pack STMicroelectronics.X-CUBE-EEPRMA1.5.2.0: no header file found
2025-09-27 19:46:04,284 [WARN] ApiManager:304 - Cannot register API 'Board Extension:PGEEZ1' from pack STMicroelectronics.X-CUBE-EEPRMA1.5.2.0: no header file found
2025-09-27 19:46:04,285 [WARN] ApiManager:304 - Cannot register API 'Board Extension:EEICA1' from pack STMicroelectronics.X-CUBE-EEPRMA1.5.2.0: no header file found
2025-09-27 19:46:04,285 [WARN] ApiManager:304 - Cannot register API 'Board Part:M24' from pack STMicroelectronics.X-CUBE-EEPRMA1.5.2.0: no header file found
2025-09-27 19:46:04,285 [WARN] ApiManager:304 - Cannot register API 'Board Part:M95' from pack STMicroelectronics.X-CUBE-EEPRMA1.5.2.0: no header file found
2025-09-27 19:46:04,285 [WARN] ApiManager:304 - Cannot register API 'Board Part:M95P32' from pack STMicroelectronics.X-CUBE-EEPRMA1.5.2.0: no header file found
2025-09-27 19:46:04,285 [WARN] ApiManager:304 - Cannot register API 'Board Part:M24256E-F' from pack STMicroelectronics.X-CUBE-EEPRMA1.5.2.0: no header file found
2025-09-27 19:46:04,285 [WARN] ApiManager:304 - Cannot register API 'Board Part:M24M01E-F' from pack STMicroelectronics.X-CUBE-EEPRMA1.5.2.0: no header file found
2025-09-27 19:46:04,285 [WARN] ApiManager:304 - Cannot register API 'PGEEZ1:SPI' from pack STMicroelectronics.X-CUBE-EEPRMA1.5.2.0: no header file found
2025-09-27 19:46:04,285 [WARN] ApiManager:304 - Cannot register API 'PGEEZ1:QDSPI' from pack STMicroelectronics.X-CUBE-EEPRMA1.5.2.0: no header file found
2025-09-27 19:46:04,288 [WARN] ApiManager:304 - Cannot register API 'Board Extension:GNSS1A1' from pack STMicroelectronics.X-CUBE-GNSS1.7.0.1: no header file found
2025-09-27 19:46:04,289 [WARN] ApiManager:304 - Cannot register API 'Board Support:Custom' from pack STMicroelectronics.X-CUBE-GNSS1.7.0.1: no header file found
2025-09-27 19:46:04,290 [WARN] ApiManager:304 - Cannot register API 'Data Exchange:lib_gnss' from pack STMicroelectronics.X-CUBE-GNSS1.7.0.1: no header file found
2025-09-27 19:46:04,291 [WARN] ApiManager:304 - Cannot register API 'Board Extension:NFC12A1' from pack STMicroelectronics.X-CUBE-NFC12.1.0.0: no header file found
2025-09-27 19:46:04,299 [WARN] ApiManager:304 - Cannot register API 'Board Extension:NFC06A1' from pack STMicroelectronics.X-CUBE-NFC6.3.1.0: no header file found
2025-09-27 19:46:04,299 [WARN] ApiManager:304 - Cannot register API 'Board Extension:NFC08A1' from pack STMicroelectronics.X-CUBE-NFC6.3.1.0: no header file found
2025-09-27 19:46:04,301 [INFO] RtosManager:484 - Registered RTOS mode: class=CMSIS, group=RTOS, mode=CMSIS_V1, owner=FREERTOS
2025-09-27 19:46:04,301 [INFO] RtosManager:484 - Registered RTOS mode: class=CMSIS, group=RTOS2, mode=CMSIS_V2, owner=FREERTOS
2025-09-27 19:46:04,301 [INFO] RtosManager:484 - Registered RTOS mode: class=RTOS, group=Core, mode=CMSIS_V1, owner=FREERTOS
2025-09-27 19:46:04,301 [INFO] RtosManager:484 - Registered RTOS mode: class=RTOS, group=Core, mode=CMSIS_V2, owner=FREERTOS
2025-09-27 19:46:04,301 [WARN] ModelIntegratedComponent:181 - Missing modes for component STMicroelectronics:FreeRTOS:0.0.1:STMicroelectronics:RTOS:FreeRTOS:Core:::10.2.0:
2025-09-27 19:46:04,314 [WARN] ApiManager:304 - Cannot register API 'Board Extension:STSAFEA1' from pack STMicroelectronics.X-CUBE-SAFEA1.1.2.2: no header file found
2025-09-27 19:46:04,315 [WARN] ApiManager:304 - Cannot register API 'Board Part:STSAFEA110' from pack STMicroelectronics.X-CUBE-SAFEA1.1.2.2: no header file found
2025-09-27 19:46:04,315 [WARN] ApiManager:304 - Cannot register API 'Security:ST_Cryptolib' from pack STMicroelectronics.X-CUBE-SAFEA1.1.2.2: no header file found
2025-09-27 19:46:04,315 [WARN] ApiManager:304 - Cannot register API 'Security:MbedTLS' from pack STMicroelectronics.X-CUBE-SAFEA1.1.2.2: no header file found
2025-09-27 19:46:04,316 [WARN] ApiManager:304 - Cannot register API 'Board Extension:NFC04A1' from pack STMicroelectronics.X-CUBE-NFC4.3.0.0: no header file found
2025-09-27 19:46:04,329 [WARN] ApiManager:304 - Cannot register API 'Board Extension:S2868A1' from pack STMicroelectronics.X-CUBE-SUBG2.5.0.0: no header file found
2025-09-27 19:46:04,329 [WARN] ApiManager:304 - Cannot register API 'Board Extension:S2868A2' from pack STMicroelectronics.X-CUBE-SUBG2.5.0.0: no header file found
2025-09-27 19:46:04,329 [WARN] ApiManager:304 - Cannot register API 'Board Extension:S2915A1' from pack STMicroelectronics.X-CUBE-SUBG2.5.0.0: no header file found
2025-09-27 19:46:04,334 [WARN] ApiManager:304 - Cannot register API 'Wireless:STM32WB05N' from pack STMicroelectronics.X-CUBE-WB05N.2.0.0: no header file found
2025-09-27 19:46:04,340 [WARN] ApiManager:304 - Cannot register API 'Board Extension:NFC07A1' from pack STMicroelectronics.X-CUBE-NFC7.2.0.0: no header file found
2025-09-27 19:46:04,342 [WARN] ApiManager:304 - Cannot register API 'Board Extension:NFC10A1' from pack STMicroelectronics.X-CUBE-NFC10.1.0.0: no header file found
2025-09-27 19:46:04,344 [WARN] ModelIntegratedComponent:60 - No mode defined for component null
2025-09-27 19:46:04,344 [WARN] ModelIntegratedComponent:60 - No mode defined for component null
2025-09-27 19:46:04,344 [WARN] ModelIntegratedComponent:60 - No mode defined for component null
2025-09-27 19:46:04,344 [WARN] ModelIntegratedComponent:60 - No mode defined for component null
2025-09-27 19:46:04,344 [WARN] ModelIntegratedComponent:60 - No mode defined for component null
2025-09-27 19:46:04,345 [WARN] ModelIntegratedComponent:60 - No mode defined for component null
2025-09-27 19:46:04,345 [WARN] ModelIntegratedComponent:60 - No mode defined for component null
2025-09-27 19:46:04,345 [WARN] ModelIntegratedComponent:60 - No mode defined for component null
2025-09-27 19:46:04,345 [WARN] ModelIntegratedComponent:60 - No mode defined for component null
2025-09-27 19:46:04,345 [WARN] ModelIntegratedComponent:60 - No mode defined for component null
2025-09-27 19:46:04,345 [WARN] ModelIntegratedComponent:60 - No mode defined for component null
2025-09-27 19:46:04,345 [WARN] ModelIntegratedComponent:60 - No mode defined for component null
2025-09-27 19:46:04,345 [WARN] ModelIntegratedComponent:60 - No mode defined for component null
2025-09-27 19:46:04,345 [WARN] ModelIntegratedComponent:60 - No mode defined for component null
2025-09-27 19:46:04,345 [WARN] ModelIntegratedComponent:60 - No mode defined for component null
2025-09-27 19:46:04,346 [WARN] ModelIntegratedComponent:60 - No mode defined for component null
2025-09-27 19:46:04,346 [WARN] ModelIntegratedComponent:60 - No mode defined for component null
2025-09-27 19:46:04,346 [WARN] ModelIntegratedComponent:60 - No mode defined for component null
2025-09-27 19:46:04,346 [WARN] ModelIntegratedComponent:60 - No mode defined for component null
2025-09-27 19:46:04,346 [WARN] ModelIntegratedComponent:60 - No mode defined for component null
2025-09-27 19:46:04,346 [WARN] ModelIntegratedComponent:60 - No mode defined for component null
2025-09-27 19:46:04,346 [WARN] ModelIntegratedComponent:60 - No mode defined for component null
2025-09-27 19:46:04,346 [WARN] ModelIntegratedComponent:60 - No mode defined for component null
2025-09-27 19:46:04,346 [WARN] ModelIntegratedComponent:60 - No mode defined for component null
2025-09-27 19:46:04,347 [WARN] ModelIntegratedComponent:60 - No mode defined for component null
2025-09-27 19:46:04,347 [WARN] ModelIntegratedComponent:60 - No mode defined for component null
2025-09-27 19:46:04,347 [WARN] ModelIntegratedComponent:60 - No mode defined for component null
2025-09-27 19:46:04,347 [WARN] ModelIntegratedComponent:60 - No mode defined for component null
2025-09-27 19:46:04,347 [WARN] ModelIntegratedComponent:60 - No mode defined for component null
2025-09-27 19:46:04,347 [WARN] ModelIntegratedComponent:60 - No mode defined for component null
2025-09-27 19:46:04,347 [WARN] ModelIntegratedComponent:60 - No mode defined for component null
2025-09-27 19:46:04,349 [WARN] ApiManager:304 - Cannot register API 'Board Extension:SAFEA1' from pack STMicroelectronics.X-CUBE-STSE01.1.0.0: no header file found
2025-09-27 19:46:04,349 [WARN] ApiManager:304 - Cannot register API 'Board Extension:ESE01A1' from pack STMicroelectronics.X-CUBE-STSE01.1.0.0: no header file found
2025-09-27 19:46:04,349 [WARN] ApiManager:304 - Cannot register API 'Board Part:STSAFEA110' from pack STMicroelectronics.X-CUBE-STSE01.1.0.0: no header file found
2025-09-27 19:46:04,350 [WARN] ApiManager:304 - Cannot register API 'Board Part:STSAFEA120' from pack STMicroelectronics.X-CUBE-STSE01.1.0.0: no header file found
2025-09-27 19:46:04,350 [WARN] ApiManager:304 - Cannot register API 'Security:STM32_Cryptographic' from pack STMicroelectronics.X-CUBE-STSE01.1.0.0: no header file found
2025-09-27 19:46:04,350 [WARN] ApiManager:304 - Cannot register API 'Security:STSELib' from pack STMicroelectronics.X-CUBE-STSE01.1.0.0: no header file found
2025-09-27 19:46:04,675 [WARN] ApiManager:304 - Cannot register API 'Board Extension:IKS01A3' from pack STMicroelectronics.X-CUBE-MEMS1.11.3.0: no header file found
2025-09-27 19:46:04,675 [WARN] ApiManager:304 - Cannot register API 'Board Extension:IKS02A1' from pack STMicroelectronics.X-CUBE-MEMS1.11.3.0: no header file found
2025-09-27 19:46:04,676 [WARN] ApiManager:304 - Cannot register API 'Board Extension:IKS4A1' from pack STMicroelectronics.X-CUBE-MEMS1.11.3.0: no header file found
2025-09-27 19:46:04,683 [WARN] ApiManager:304 - Cannot register API 'Board Extension:S2868A1' from pack STMicroelectronics.X-CUBE-SFXS2LP1.4.0.0: no header file found
2025-09-27 19:46:04,683 [WARN] ApiManager:304 - Cannot register API 'Board Extension:S2868A2' from pack STMicroelectronics.X-CUBE-SFXS2LP1.4.0.0: no header file found
2025-09-27 19:46:04,683 [WARN] ApiManager:304 - Cannot register API 'Board Extension:S2915A1' from pack STMicroelectronics.X-CUBE-SFXS2LP1.4.0.0: no header file found
2025-09-27 19:46:04,684 [WARN] ApiManager:304 - Cannot register API 'Wireless:BlueNRG-2' from pack STMicroelectronics.X-CUBE-BLE2.3.3.0: no header file found
2025-09-27 19:46:06,864 [INFO] UtilMem:74 - End LoadConfig() Used Memory: 478309112 Bytes (621805568)
2025-09-27 19:46:06,866 [WARN] ThirdParty:779 - waiting for thirdparty lock release [change project]
2025-09-27 19:46:06,866 [INFO] ThirdParty:781 - entering critical section [change project]
2025-09-27 19:46:06,866 [INFO] ThirdParty:967 - CMSIS Pack Vendor :STMicroelectronics X-CUBE-PM33A1 1.0.0
2025-09-27 19:46:06,866 [INFO] ThirdParty:967 - CMSIS Pack Vendor :STMicroelectronics X-CUBE-NFC9 1.0.0
2025-09-27 19:46:06,866 [INFO] ThirdParty:967 - CMSIS Pack Vendor :STMicroelectronics USB_HOST 2.0.0
2025-09-27 19:46:06,867 [INFO] ThirdParty:967 - CMSIS Pack Vendor :STMicroelectronics X-CUBE-AZRTOS-F4 1.1.0
2025-09-27 19:46:06,867 [INFO] ThirdParty:967 - CMSIS Pack Vendor :STMicroelectronics FP-ATR-ASTRA1 2.0.2
2025-09-27 19:46:06,867 [INFO] ThirdParty:967 - CMSIS Pack Vendor :wolfSSL I-CUBE-wolfSSL 5.8.2
2025-09-27 19:46:06,867 [INFO] ThirdParty:967 - CMSIS Pack Vendor :STMicroelectronics X-CUBE-BLE1 7.1.0
2025-09-27 19:46:06,867 [INFO] ThirdParty:967 - CMSIS Pack Vendor :wolfSSL I-CUBE-wolfMQTT 1.19.2
2025-09-27 19:46:06,867 [INFO] ThirdParty:967 - CMSIS Pack Vendor :STMicroelectronics USB_DEVICE 3.0.0
2025-09-27 19:46:06,867 [INFO] ThirdParty:967 - CMSIS Pack Vendor :STMicroelectronics X-CUBE-ISPU 2.1.0
2025-09-27 19:46:06,867 [INFO] ThirdParty:967 - CMSIS Pack Vendor :STMicroelectronics X-CUBE-EEPRMA1 5.2.0
2025-09-27 19:46:06,867 [INFO] ThirdParty:967 - CMSIS Pack Vendor :STMicroelectronics X-CUBE-AZRTOS-WB 2.0.0
2025-09-27 19:46:06,867 [INFO] ThirdParty:967 - CMSIS Pack Vendor :STMicroelectronics X-CUBE-GNSS1 7.0.1
2025-09-27 19:46:06,867 [INFO] ThirdParty:967 - CMSIS Pack Vendor :STMicroelectronics X-CUBE-NFC12 1.0.0
2025-09-27 19:46:06,867 [INFO] ThirdParty:967 - CMSIS Pack Vendor :STMicroelectronics X-CUBE-AZRTOS-F7 1.1.0
2025-09-27 19:46:06,868 [INFO] ThirdParty:967 - CMSIS Pack Vendor :STMicroelectronics X-CUBE-AZRTOS-L5 2.0.0
2025-09-27 19:46:06,868 [INFO] ThirdParty:967 - CMSIS Pack Vendor :STMicroelectronics X-CUBE-TOUCHGFX 4.25.0
2025-09-27 19:46:06,868 [INFO] ThirdParty:967 - CMSIS Pack Vendor :STMicroelectronics USB_DEVICE 2.0.0
2025-09-27 19:46:06,868 [INFO] ThirdParty:967 - CMSIS Pack Vendor :STMicroelectronics X-CUBE-NFC6 3.1.0
2025-09-27 19:46:06,868 [INFO] ThirdParty:967 - CMSIS Pack Vendor :STMicroelectronics X-CUBE-AI 10.1.0
2025-09-27 19:46:06,868 [INFO] ThirdParty:967 - CMSIS Pack Vendor :STMicroelectronics FreeRTOS 0.0.1
2025-09-27 19:46:06,868 [INFO] ThirdParty:967 - CMSIS Pack Vendor :STMicroelectronics X-CUBE-AZRTOS-G0 1.1.0
2025-09-27 19:46:06,868 [INFO] ThirdParty:967 - CMSIS Pack Vendor :STMicroelectronics X-CUBE-SAFEA1 1.2.2
2025-09-27 19:46:06,868 [INFO] ThirdParty:967 - CMSIS Pack Vendor :STMicroelectronics X-CUBE-NFC4 3.0.0
2025-09-27 19:46:06,868 [INFO] ThirdParty:967 - CMSIS Pack Vendor :STMicroelectronics X-CUBE-SUBG2 5.0.0
2025-09-27 19:46:06,868 [INFO] ThirdParty:967 - CMSIS Pack Vendor :STMicroelectronics X-CUBE-AZRTOS-H7RS 1.1.0
2025-09-27 19:46:06,868 [INFO] ThirdParty:967 - CMSIS Pack Vendor :STMicroelectronics lwIP 2.0.3
2025-09-27 19:46:06,868 [INFO] ThirdParty:967 - CMSIS Pack Vendor :STMicroelectronics USB_HOST 1.0.0
2025-09-27 19:46:06,869 [INFO] ThirdParty:967 - CMSIS Pack Vendor :STMicroelectronics X-CUBE-AZRTOS-G4 2.0.0
2025-09-27 19:46:06,869 [INFO] ThirdParty:967 - CMSIS Pack Vendor :STMicroelectronics X-CUBE-WB05N 2.0.0
2025-09-27 19:46:06,869 [INFO] ThirdParty:967 - CMSIS Pack Vendor :STMicroelectronics PDM2PCM 3.1.0
2025-09-27 19:46:06,869 [INFO] ThirdParty:967 - CMSIS Pack Vendor :STMicroelectronics PDM2PCM 3.3.0
2025-09-27 19:46:06,869 [INFO] ThirdParty:967 - CMSIS Pack Vendor :wolfSSL I-CUBE-wolfTPM 3.8.0
2025-09-27 19:46:06,869 [INFO] ThirdParty:967 - CMSIS Pack Vendor :STMicroelectronics X-CUBE-AZRTOS-H7 3.4.0
2025-09-27 19:46:06,869 [INFO] ThirdParty:967 - CMSIS Pack Vendor :wolfSSL I-CUBE-wolfSSH 1.4.20
2025-09-27 19:46:06,869 [INFO] ThirdParty:967 - CMSIS Pack Vendor :STMicroelectronics X-CUBE-NFC7 2.0.0
2025-09-27 19:46:06,869 [INFO] ThirdParty:967 - CMSIS Pack Vendor :STMicroelectronics FP-ATR-SIGFOX1 3.2.0
2025-09-27 19:46:06,869 [INFO] ThirdParty:967 - CMSIS Pack Vendor :STMicroelectronics X-CUBE-NFC10 1.0.0
2025-09-27 19:46:06,869 [INFO] ThirdParty:967 - CMSIS Pack Vendor :STMicroelectronics HAL Drivers 0.0.0
2025-09-27 19:46:06,869 [INFO] ThirdParty:967 - CMSIS Pack Vendor :STMicroelectronics MBEDTLS 2.16.2
2025-09-27 19:46:06,869 [INFO] ThirdParty:967 - CMSIS Pack Vendor :STMicroelectronics MBEDTLS 2.14.1
2025-09-27 19:46:06,869 [INFO] ThirdParty:967 - CMSIS Pack Vendor :STMicroelectronics X-CUBE-STSE01 1.0.0
2025-09-27 19:46:06,870 [INFO] ThirdParty:967 - CMSIS Pack Vendor :STMicroelectronics X-CUBE-AI 10.2.0
2025-09-27 19:46:06,870 [INFO] ThirdParty:967 - CMSIS Pack Vendor :STMicroelectronics X-CUBE-AZRTOS-WL 2.0.0
2025-09-27 19:46:06,870 [INFO] ThirdParty:967 - CMSIS Pack Vendor :SEGGER I-CUBE-embOS 1.3.1
2025-09-27 19:46:06,870 [INFO] ThirdParty:967 - CMSIS Pack Vendor :STMicroelectronics X-CUBE-ALGOBUILD 1.4.0
2025-09-27 19:46:06,870 [INFO] ThirdParty:967 - CMSIS Pack Vendor :STMicroelectronics X-CUBE-MEMS1 11.3.0
2025-09-27 19:46:06,870 [INFO] ThirdParty:967 - CMSIS Pack Vendor :STMicroelectronics USB_DEVICE 1.0.0
2025-09-27 19:46:06,870 [INFO] ThirdParty:967 - CMSIS Pack Vendor :STMicroelectronics X-CUBE-AZRTOS-L4 2.0.0
2025-09-27 19:46:06,870 [INFO] ThirdParty:967 - CMSIS Pack Vendor :STMicroelectronics ThreadX 0.0.2
2025-09-27 19:46:06,870 [INFO] ThirdParty:967 - CMSIS Pack Vendor :STMicroelectronics lwIP 2.1.2
2025-09-27 19:46:06,870 [INFO] ThirdParty:967 - CMSIS Pack Vendor :STMicroelectronics X-CUBE-SFXS2LP1 4.0.0
2025-09-27 19:46:06,870 [INFO] ThirdParty:967 - CMSIS Pack Vendor :STMicroelectronics X-CUBE-BLE2 3.3.0
2025-09-27 19:46:06,870 [INFO] ThirdParty:967 - CMSIS Pack Vendor :STMicroelectronics PDM2PCM 3.2.0
2025-09-27 19:46:06,871 [INFO] ThirdParty:787 - exiting critical section [change project]
2025-09-27 19:46:07,112 [INFO] PinOutPanel:1463 - setPackage(No Configuration,No Configuration)
2025-09-27 19:46:07,113 [INFO] PinOutPanel:1463 - setPackage(STM32F103C6Ux,UFQFPN48)
2025-09-27 19:46:07,531 [INFO] UtilMem:74 - Before build in PCC Used Memory: 353899072 Bytes (621805568)
2025-09-27 19:46:08,135 [INFO] UtilMem:74 - After build in PCC Used Memory: 379470464 Bytes (621805568)
2025-09-27 19:46:08,162 [INFO] IPUIPlugin:74 - create IPUIPlugin
2025-09-27 19:46:08,162 [INFO] IPUIPlugin:74 - create IPUIPlugin
2025-09-27 19:46:08,162 [INFO] IPUIPlugin:74 - create IPUIPlugin
2025-09-27 19:46:08,163 [INFO] IPUIPlugin:74 - create IPUIPlugin
2025-09-27 19:46:08,163 [INFO] IPUIPlugin:74 - create IPUIPlugin
2025-09-27 19:46:08,163 [INFO] IPUIPlugin:74 - create IPUIPlugin
2025-09-27 19:46:08,163 [INFO] IPUIPlugin:74 - create IPUIPlugin
2025-09-27 19:46:08,163 [INFO] IPUIPlugin:74 - create IPUIPlugin
2025-09-27 19:46:08,164 [INFO] IPUIPlugin:74 - create IPUIPlugin
2025-09-27 19:46:08,164 [INFO] IPUIPlugin:74 - create IPUIPlugin
2025-09-27 19:46:08,164 [INFO] IPUIPlugin:74 - create IPUIPlugin
2025-09-27 19:46:08,165 [INFO] IPUIPlugin:74 - create IPUIPlugin
2025-09-27 19:46:08,165 [INFO] IPUIPlugin:74 - create IPUIPlugin
2025-09-27 19:46:08,165 [INFO] IPUIPlugin:74 - create IPUIPlugin
2025-09-27 19:46:08,166 [INFO] IPUIPlugin:74 - create IPUIPlugin
2025-09-27 19:46:08,166 [INFO] IPUIPlugin:74 - create IPUIPlugin
2025-09-27 19:46:08,167 [INFO] IPUIPlugin:74 - create IPUIPlugin
2025-09-27 19:46:08,167 [INFO] IPUIPlugin:74 - create IPUIPlugin
2025-09-27 19:46:08,168 [INFO] IPUIPlugin:74 - create IPUIPlugin
2025-09-27 19:46:08,168 [INFO] IPUIPlugin:74 - create IPUIPlugin
2025-09-27 19:46:08,169 [INFO] IPUIPlugin:74 - create IPUIPlugin
2025-09-27 19:46:08,169 [INFO] IPUIPlugin:74 - create IPUIPlugin
2025-09-27 19:46:08,170 [INFO] IPUIPlugin:74 - create IPUIPlugin
2025-09-27 19:46:08,309 [INFO] OpenFileManager:333 - Restore cursor
2025-09-27 19:46:08,596 [INFO] UtilMem:74 - End SaveConfig() Used Memory: 353226560 Bytes (621805568)
2025-09-27 19:46:08,691 [INFO] UtilMem:74 - End SaveConfig() Used Memory: 372378488 Bytes (621805568)
2025-09-27 19:46:09,108 [INFO] BlockDiagram:2740 - set Specific Code input for plugin: NVIC
2025-09-27 19:46:09,108 [INFO] BlockDiagram:2740 - set Specific Code input for plugin: SYS
2025-09-27 19:46:09,108 [INFO] BlockDiagram:2740 - set Specific Code input for plugin: RCC
2025-09-27 19:46:09,109 [INFO] CodeGenerator:663 - code generatio: config db path: C:\ST\STM32CubeIDE_1.7.0\STM32CubeIDE\plugins\com.st.stm32cube.common.mx_6.3.0.202107141111\\db\
2025-09-27 19:46:09,442 [INFO] CodeEngine:239 - oldGeneratedFile, D:\VXL\VXL_LAB1\STM32_LAB1\LAB1\MXTmpFiles\license.tmp_save
2025-09-27 19:46:09,937 [INFO] CodeEngine:257 - Generated code: D:\VXL\VXL_LAB1\STM32_LAB1\LAB1\MXTmpFiles\license.tmp
2025-09-27 19:46:10,032 [INFO] CodeEngine:239 - oldGeneratedFile, D:\VXL\VXL_LAB1\STM32_LAB1\LAB1\Core\Src\stm32f1xx_it.c_save
2025-09-27 19:46:10,191 [INFO] CodeEngine:257 - Generated code: D:\VXL\VXL_LAB1\STM32_LAB1\LAB1\Core\Src\stm32f1xx_it.c
2025-09-27 19:46:10,194 [INFO] CodeEngine:239 - oldGeneratedFile, D:\VXL\VXL_LAB1\STM32_LAB1\LAB1\Core\Inc\stm32f1xx_it.h_save
2025-09-27 19:46:10,285 [INFO] CodeEngine:257 - Generated code: D:\VXL\VXL_LAB1\STM32_LAB1\LAB1\Core\Inc\stm32f1xx_it.h
2025-09-27 19:46:10,303 [INFO] CodeEngine:239 - oldGeneratedFile, D:\VXL\VXL_LAB1\STM32_LAB1\LAB1\Core\Src\stm32f1xx_hal_msp.c_save
2025-09-27 19:46:10,431 [INFO] CodeEngine:257 - Generated code: D:\VXL\VXL_LAB1\STM32_LAB1\LAB1\Core\Src\stm32f1xx_hal_msp.c
2025-09-27 19:46:10,434 [INFO] CodeEngine:239 - oldGeneratedFile, D:\VXL\VXL_LAB1\STM32_LAB1\LAB1\MXTmpFiles\system.tmp_save
2025-09-27 19:46:10,488 [INFO] CodeEngine:257 - Generated code: D:\VXL\VXL_LAB1\STM32_LAB1\LAB1\MXTmpFiles\system.tmp
2025-09-27 19:46:10,494 [INFO] CodeEngine:239 - oldGeneratedFile, D:\VXL\VXL_LAB1\STM32_LAB1\LAB1\Core\Inc\stm32f1xx_hal_conf.h_save
2025-09-27 19:46:10,598 [INFO] CodeEngine:257 - Generated code: D:\VXL\VXL_LAB1\STM32_LAB1\LAB1\Core\Inc\stm32f1xx_hal_conf.h
2025-09-27 19:46:10,637 [INFO] CodeEngine:239 - oldGeneratedFile, D:\VXL\VXL_LAB1\STM32_LAB1\LAB1\Core\Inc\main.h_save
2025-09-27 19:46:10,740 [INFO] CodeEngine:257 - Generated code: D:\VXL\VXL_LAB1\STM32_LAB1\LAB1\Core\Inc\main.h
2025-09-27 19:46:10,743 [INFO] CodeEngine:239 - oldGeneratedFile, D:\VXL\VXL_LAB1\STM32_LAB1\LAB1\Core\Src\main.c_save
2025-09-27 19:46:10,871 [INFO] CodeEngine:257 - Generated code: D:\VXL\VXL_LAB1\STM32_LAB1\LAB1\Core\Src\main.c
2025-09-27 19:46:11,885 [INFO] ProjectBuilder:2578 - Time for Copy HAL[1] : 87mS.
2025-09-27 19:46:11,890 [INFO] ProjectBuilder:3622 - Project Generator version: 3.14.1
2025-09-27 19:46:12,477 [INFO] ConfigFileManager:1271 - The Die is : DIE412
2025-09-27 19:46:12,492 [INFO] ApiDbMcu:468 - Load IP Config File for FATFS
2025-09-27 19:46:12,521 [INFO] ApiDbMcu:468 - Load IP Config File for FREERTOS
2025-09-27 19:46:12,542 [INFO] ApiDbMcu:468 - Load IP Config File for USB_DEVICE
2025-09-27 19:46:16,662 [INFO] ProjectBuilder:3789 - Time for Generating toolchain IDE Files: 4772mS.
2025-09-27 19:46:16,662 [INFO] ProjectBuilder:2457 - Time for Copy CMSIS : 0mS.
2025-09-27 19:46:16,663 [INFO] ProjectBuilder:2457 - Time for Copy CMSIS : 0mS.
2025-09-27 19:46:18,125 [INFO] McuFinderGlobals:52 - Set McuFinderConnectedMode to true
2025-09-27 19:46:18,128 [INFO] ApiDb:276 - Save user favorites file C:\Users\dell pro/.stm32cubeide/favorites.mcus.txt: 0 item(s)
2025-09-27 19:46:18,128 [INFO] ApiDb:280 - User favorites MCUs=[]
